Archive member included because of file (symbol)

c:/winavr-20100110/bin/../lib/gcc/avr/4.3.3/avr5\libgcc.a(_udivmodqi4.o)
                              ./LCD.o (__udivmodqi4)
c:/winavr-20100110/bin/../lib/gcc/avr/4.3.3/avr5\libgcc.a(_divmodhi4.o)
                              ./PWM0.o (__divmodhi4)
c:/winavr-20100110/bin/../lib/gcc/avr/4.3.3/avr5\libgcc.a(_divmodsi4.o)
                              ./LCD.o (__divmodsi4)
c:/winavr-20100110/bin/../lib/gcc/avr/4.3.3/avr5\libgcc.a(_exit.o)
                              c:/winavr-20100110/bin/../lib/gcc/avr/4.3.3/../../../../avr/lib/avr5/crtm32.o (exit)
c:/winavr-20100110/bin/../lib/gcc/avr/4.3.3/avr5\libgcc.a(_copy_data.o)
                              ./Keypad.o (__do_copy_data)
c:/winavr-20100110/bin/../lib/gcc/avr/4.3.3/avr5\libgcc.a(_clear_bss.o)
                              ./CHOOSE_APP_RX.o (__do_clear_bss)
c:/winavr-20100110/bin/../lib/gcc/avr/4.3.3/avr5\libgcc.a(_udivmodhi4.o)
                              c:/winavr-20100110/bin/../lib/gcc/avr/4.3.3/avr5\libgcc.a(_divmodhi4.o) (__udivmodhi4)
c:/winavr-20100110/bin/../lib/gcc/avr/4.3.3/avr5\libgcc.a(_udivmodsi4.o)
                              c:/winavr-20100110/bin/../lib/gcc/avr/4.3.3/avr5\libgcc.a(_divmodsi4.o) (__udivmodsi4)

Memory Configuration

Name             Origin             Length             Attributes
text             0x00000000         0x00020000         xr
data             0x00800060         0x0000ffa0         rw !x
eeprom           0x00810000         0x00010000         rw !x
fuse             0x00820000         0x00000400         rw !x
lock             0x00830000         0x00000400         rw !x
signature        0x00840000         0x00000400         rw !x
*default*        0x00000000         0xffffffff

Linker script and memory map

LOAD c:/winavr-20100110/bin/../lib/gcc/avr/4.3.3/../../../../avr/lib/avr5/crtm32.o
LOAD ./ADC.o
LOAD ./Buzzer.o
LOAD ./CHOOSE_APP_RX.o
LOAD ./DCMotor.o
LOAD ./DIO.o
LOAD ./Keypad.o
LOAD ./LCD.o
LOAD ./LED.o
LOAD ./PWM0.o
LOAD ./SPI.o
LOAD ./Temp_Sensor.o
LOAD ./main.o
LOAD c:/winavr-20100110/bin/../lib/gcc/avr/4.3.3/avr5\libgcc.a
LOAD c:/winavr-20100110/bin/../lib/gcc/avr/4.3.3/../../../../avr/lib/avr5\libc.a
LOAD c:/winavr-20100110/bin/../lib/gcc/avr/4.3.3/avr5\libgcc.a

.hash
 *(.hash)

.dynsym
 *(.dynsym)

.dynstr
 *(.dynstr)

.gnu.version
 *(.gnu.version)

.gnu.version_d
 *(.gnu.version_d)

.gnu.version_r
 *(.gnu.version_r)

.rel.init
 *(.rel.init)

.rela.init
 *(.rela.init)

.rel.text
 *(.rel.text)
 *(.rel.text.*)
 *(.rel.gnu.linkonce.t*)

.rela.text
 *(.rela.text)
 *(.rela.text.*)
 *(.rela.gnu.linkonce.t*)

.rel.fini
 *(.rel.fini)

.rela.fini
 *(.rela.fini)

.rel.rodata
 *(.rel.rodata)
 *(.rel.rodata.*)
 *(.rel.gnu.linkonce.r*)

.rela.rodata
 *(.rela.rodata)
 *(.rela.rodata.*)
 *(.rela.gnu.linkonce.r*)

.rel.data
 *(.rel.data)
 *(.rel.data.*)
 *(.rel.gnu.linkonce.d*)

.rela.data
 *(.rela.data)
 *(.rela.data.*)
 *(.rela.gnu.linkonce.d*)

.rel.ctors
 *(.rel.ctors)

.rela.ctors
 *(.rela.ctors)

.rel.dtors
 *(.rel.dtors)

.rela.dtors
 *(.rela.dtors)

.rel.got
 *(.rel.got)

.rela.got
 *(.rela.got)

.rel.bss
 *(.rel.bss)

.rela.bss
 *(.rela.bss)

.rel.plt
 *(.rel.plt)

.rela.plt
 *(.rela.plt)

.text           0x00000000      0xc2e
 *(.vectors)
 .vectors       0x00000000       0x54 c:/winavr-20100110/bin/../lib/gcc/avr/4.3.3/../../../../avr/lib/avr5/crtm32.o
                0x00000000                __vectors
                0x00000000                __vector_default
 *(.vectors)
 *(.progmem.gcc*)
 *(.progmem*)
                0x00000054                . = ALIGN (0x2)
                0x00000054                __trampolines_start = .
 *(.trampolines)
 .trampolines   0x00000054        0x0 linker stubs
 *(.trampolines*)
                0x00000054                __trampolines_end = .
 *(.jumptables)
 *(.jumptables*)
 *(.lowtext)
 *(.lowtext*)
                0x00000054                __ctors_start = .
 *(.ctors)
                0x00000054                __ctors_end = .
                0x00000054                __dtors_start = .
 *(.dtors)
                0x00000054                __dtors_end = .
 SORT(*)(.ctors)
 SORT(*)(.dtors)
 *(.init0)
 .init0         0x00000054        0x0 c:/winavr-20100110/bin/../lib/gcc/avr/4.3.3/../../../../avr/lib/avr5/crtm32.o
                0x00000054                __init
 *(.init0)
 *(.init1)
 *(.init1)
 *(.init2)
 .init2         0x00000054        0xc c:/winavr-20100110/bin/../lib/gcc/avr/4.3.3/../../../../avr/lib/avr5/crtm32.o
 *(.init2)
 *(.init3)
 *(.init3)
 *(.init4)
 .init4         0x00000060       0x16 c:/winavr-20100110/bin/../lib/gcc/avr/4.3.3/avr5\libgcc.a(_copy_data.o)
                0x00000060                __do_copy_data
 .init4         0x00000076       0x10 c:/winavr-20100110/bin/../lib/gcc/avr/4.3.3/avr5\libgcc.a(_clear_bss.o)
                0x00000076                __do_clear_bss
 *(.init4)
 *(.init5)
 *(.init5)
 *(.init6)
 *(.init6)
 *(.init7)
 *(.init7)
 *(.init8)
 *(.init8)
 *(.init9)
 .init9         0x00000086        0x8 c:/winavr-20100110/bin/../lib/gcc/avr/4.3.3/../../../../avr/lib/avr5/crtm32.o
 *(.init9)
 *(.text)
 .text          0x0000008e        0x4 c:/winavr-20100110/bin/../lib/gcc/avr/4.3.3/../../../../avr/lib/avr5/crtm32.o
                0x0000008e                __vector_1
                0x0000008e                __vector_12
                0x0000008e                __bad_interrupt
                0x0000008e                __vector_6
                0x0000008e                __vector_3
                0x0000008e                __vector_11
                0x0000008e                __vector_13
                0x0000008e                __vector_17
                0x0000008e                __vector_19
                0x0000008e                __vector_7
                0x0000008e                __vector_5
                0x0000008e                __vector_4
                0x0000008e                __vector_9
                0x0000008e                __vector_2
                0x0000008e                __vector_15
                0x0000008e                __vector_8
                0x0000008e                __vector_14
                0x0000008e                __vector_10
                0x0000008e                __vector_16
                0x0000008e                __vector_18
                0x0000008e                __vector_20
 .text          0x00000092        0x0 ./ADC.o
 .text          0x00000092        0x0 ./Buzzer.o
 .text          0x00000092        0x0 ./CHOOSE_APP_RX.o
 .text          0x00000092        0x0 ./DCMotor.o
 .text          0x00000092        0x0 ./DIO.o
 .text          0x00000092        0x0 ./Keypad.o
 .text          0x00000092        0x0 ./LCD.o
 .text          0x00000092        0x0 ./LED.o
 .text          0x00000092        0x0 ./PWM0.o
 .text          0x00000092        0x0 ./SPI.o
 .text          0x00000092        0x0 ./Temp_Sensor.o
 .text          0x00000092        0x0 ./main.o
 .text          0x00000092        0x0 c:/winavr-20100110/bin/../lib/gcc/avr/4.3.3/avr5\libgcc.a(_udivmodqi4.o)
 .text          0x00000092        0x0 c:/winavr-20100110/bin/../lib/gcc/avr/4.3.3/avr5\libgcc.a(_divmodhi4.o)
 .text          0x00000092        0x0 c:/winavr-20100110/bin/../lib/gcc/avr/4.3.3/avr5\libgcc.a(_divmodsi4.o)
 .text          0x00000092        0x0 c:/winavr-20100110/bin/../lib/gcc/avr/4.3.3/avr5\libgcc.a(_exit.o)
 .text          0x00000092        0x0 c:/winavr-20100110/bin/../lib/gcc/avr/4.3.3/avr5\libgcc.a(_copy_data.o)
 .text          0x00000092        0x0 c:/winavr-20100110/bin/../lib/gcc/avr/4.3.3/avr5\libgcc.a(_clear_bss.o)
 .text          0x00000092        0x0 c:/winavr-20100110/bin/../lib/gcc/avr/4.3.3/avr5\libgcc.a(_udivmodhi4.o)
 .text          0x00000092        0x0 c:/winavr-20100110/bin/../lib/gcc/avr/4.3.3/avr5\libgcc.a(_udivmodsi4.o)
                0x00000092                . = ALIGN (0x2)
 *(.text.*)
 .text.ADC_InIT
                0x00000092       0x16 ./ADC.o
                0x00000092                ADC_InIT
 .text.ADC_Read
                0x000000a8       0x2c ./ADC.o
                0x000000a8                ADC_Read
 .text.buzzer_OFF
                0x000000d4        0xc ./Buzzer.o
                0x000000d4                buzzer_OFF
 .text.buzzer_ON
                0x000000e0        0xc ./Buzzer.o
                0x000000e0                buzzer_ON
 .text.buzzer_TOGGLE
                0x000000ec       0x28 ./Buzzer.o
                0x000000ec                buzzer_TOGGLE
 .text.buzzer_initial
                0x00000114        0xc ./Buzzer.o
                0x00000114                buzzer_initial
 .text.Control_DOOR
                0x00000120       0x24 ./CHOOSE_APP_RX.o
                0x00000120                Control_DOOR
 .text.Temp_Sensor
                0x00000144       0x22 ./CHOOSE_APP_RX.o
                0x00000144                Temp_Sensor
 .text.ROOM2_LIGHT
                0x00000166       0x20 ./CHOOSE_APP_RX.o
                0x00000166                ROOM2_LIGHT
 .text.ROOM1_LIGHT
                0x00000186       0x20 ./CHOOSE_APP_RX.o
                0x00000186                ROOM1_LIGHT
 .text.Control_Applications
                0x000001a6       0x70 ./CHOOSE_APP_RX.o
                0x000001a6                Control_Applications
 .text.Control_Initialization
                0x00000216       0x22 ./CHOOSE_APP_RX.o
                0x00000216                Control_Initialization
 .text.DCMotor_STOP
                0x00000238       0x16 ./DCMotor.o
                0x00000238                DCMotor_STOP
 .text.DCMotor_SetDir
                0x0000024e       0x36 ./DCMotor.o
                0x0000024e                DCMotor_SetDir
 .text.DCMotor_START
                0x00000284        0x6 ./DCMotor.o
                0x00000284                DCMotor_START
 .text.DCMotor_SetSpeed
                0x0000028a        0xe ./DCMotor.o
                0x0000028a                DCMotor_SetSpeed
 .text.DCMotor_Initial
                0x00000298       0x24 ./DCMotor.o
                0x00000298                DCMotor_Initial
 .text.DIO_SetPortDir
                0x000002bc       0x22 ./DIO.o
                0x000002bc                DIO_SetPortDir
 .text.DIO_SetPinDir
                0x000002de       0xe8 ./DIO.o
                0x000002de                DIO_SetPinDir
 .text.DIO_WritePort
                0x000003c6       0x22 ./DIO.o
                0x000003c6                DIO_WritePort
 .text.DIO_WritePin
                0x000003e8       0xe8 ./DIO.o
                0x000003e8                DIO_WritePin
 .text.DIO_ReadPort
                0x000004d0       0x28 ./DIO.o
                0x000004d0                DIO_ReadPort
 .text.DIO_ReadPin
                0x000004f8       0x44 ./DIO.o
                0x000004f8                DIO_ReadPin
 .text.DIO_TogglePin
                0x0000053c       0x6a ./DIO.o
                0x0000053c                DIO_TogglePin
 .text.DIO_SetPullUp
                0x000005a6       0x6a ./DIO.o
                0x000005a6                DIO_SetPullUp
 .text.KEYPAD_GetValue
                0x00000610       0xc4 ./Keypad.o
                0x00000610                KEYPAD_GetValue
 .text.KEYPAD_Initial
                0x000006d4       0x86 ./Keypad.o
                0x000006d4                KEYPAD_Initial
 .text.LCD_WriteChar
                0x0000075a       0x7e ./LCD.o
                0x0000075a                LCD_WriteChar
 .text.LCD_WriteInteger
                0x000007d8       0xb8 ./LCD.o
                0x000007d8                LCD_WriteInteger
 .text.LCD_WriteString
                0x00000890       0x3a ./LCD.o
                0x00000890                LCD_WriteString
 .text.LCD_WriteCmd
                0x000008ca       0x88 ./LCD.o
                0x000008ca                LCD_WriteCmd
 .text.LCD_Clear
                0x00000952        0x8 ./LCD.o
                0x00000952                LCD_Clear
 .text.LCD_GOTO
                0x0000095a       0x2a ./LCD.o
                0x0000095a                LCD_GOTO
 .text.LCD_initial
                0x00000984       0x84 ./LCD.o
                0x00000984                LCD_initial
 .text.LED0_Toggle
                0x00000a08        0xa ./LED.o
                0x00000a08                LED0_Toggle
 .text.LED1_initial
                0x00000a12        0x4 ./LED.o
                0x00000a12                LED1_initial
 .text.LED1_ON  0x00000a16        0x4 ./LED.o
                0x00000a16                LED1_ON
 .text.LED1_OFF
                0x00000a1a        0x4 ./LED.o
                0x00000a1a                LED1_OFF
 .text.LED1_Toggle
                0x00000a1e        0x8 ./LED.o
                0x00000a1e                LED1_Toggle
 .text.LED2_initial
                0x00000a26        0x4 ./LED.o
                0x00000a26                LED2_initial
 .text.LED2_ON  0x00000a2a        0x4 ./LED.o
                0x00000a2a                LED2_ON
 .text.LED2_OFF
                0x00000a2e        0x4 ./LED.o
                0x00000a2e                LED2_OFF
 .text.LED2_Toggle
                0x00000a32        0xa ./LED.o
                0x00000a32                LED2_Toggle
 .text.LED3_initial
                0x00000a3c        0x4 ./LED.o
                0x00000a3c                LED3_initial
 .text.LED3_ON  0x00000a40        0x4 ./LED.o
                0x00000a40                LED3_ON
 .text.LED3_OFF
                0x00000a44        0x4 ./LED.o
                0x00000a44                LED3_OFF
 .text.LED3_Toggle
                0x00000a48        0xa ./LED.o
                0x00000a48                LED3_Toggle
 .text.LED0_OFF
                0x00000a52        0xc ./LED.o
                0x00000a52                LED0_OFF
 .text.LED0_ON  0x00000a5e        0xc ./LED.o
                0x00000a5e                LED0_ON
 .text.LED0_initial
                0x00000a6a        0xc ./LED.o
                0x00000a6a                LED0_initial
 .text.PWM0_Init
                0x00000a76        0xe ./PWM0.o
                0x00000a76                PWM0_Init
 .text.PWM0_Generate
                0x00000a84       0x12 ./PWM0.o
                0x00000a84                PWM0_Generate
 .text.PWM0_Start
                0x00000a96        0x8 ./PWM0.o
                0x00000a96                PWM0_Start
 .text.SPI_TranSiver
                0x00000a9e        0xa ./SPI.o
                0x00000a9e                SPI_TranSiver
 .text.SPI_Master_TerminateTrans
                0x00000aa8        0xc ./SPI.o
                0x00000aa8                SPI_Master_TerminateTrans
 .text.SPI_Master_InitTrans
                0x00000ab4        0xc ./SPI.o
                0x00000ab4                SPI_Master_InitTrans
 .text.SPI_Slave_Init
                0x00000ac0       0x2e ./SPI.o
                0x00000ac0                SPI_Slave_Init
 .text.SPI_Master_Init
                0x00000aee       0x2e ./SPI.o
                0x00000aee                SPI_Master_Init
 .text.TempSensor_Read
                0x00000b1c        0x6 ./Temp_Sensor.o
                0x00000b1c                TempSensor_Read
 .text.TempSensor_Initialization
                0x00000b22        0x6 ./Temp_Sensor.o
                0x00000b22                TempSensor_Initialization
 .text.main     0x00000b28       0x22 ./main.o
                0x00000b28                main
 .text.libgcc   0x00000b4a       0x18 c:/winavr-20100110/bin/../lib/gcc/avr/4.3.3/avr5\libgcc.a(_udivmodqi4.o)
                0x00000b4a                __udivmodqi4
 .text.libgcc   0x00000b62       0x26 c:/winavr-20100110/bin/../lib/gcc/avr/4.3.3/avr5\libgcc.a(_divmodhi4.o)
                0x00000b62                __divmodhi4
                0x00000b62                _div
 .text.libgcc   0x00000b88       0x36 c:/winavr-20100110/bin/../lib/gcc/avr/4.3.3/avr5\libgcc.a(_divmodsi4.o)
                0x00000b88                __divmodsi4
 .text.libgcc   0x00000bbe        0x0 c:/winavr-20100110/bin/../lib/gcc/avr/4.3.3/avr5\libgcc.a(_exit.o)
 .text.libgcc   0x00000bbe        0x0 c:/winavr-20100110/bin/../lib/gcc/avr/4.3.3/avr5\libgcc.a(_copy_data.o)
 .text.libgcc   0x00000bbe        0x0 c:/winavr-20100110/bin/../lib/gcc/avr/4.3.3/avr5\libgcc.a(_clear_bss.o)
 .text.libgcc   0x00000bbe       0x28 c:/winavr-20100110/bin/../lib/gcc/avr/4.3.3/avr5\libgcc.a(_udivmodhi4.o)
                0x00000bbe                __udivmodhi4
 .text.libgcc   0x00000be6       0x44 c:/winavr-20100110/bin/../lib/gcc/avr/4.3.3/avr5\libgcc.a(_udivmodsi4.o)
                0x00000be6                __udivmodsi4
                0x00000c2a                . = ALIGN (0x2)
 *(.fini9)
 .fini9         0x00000c2a        0x0 c:/winavr-20100110/bin/../lib/gcc/avr/4.3.3/avr5\libgcc.a(_exit.o)
                0x00000c2a                exit
                0x00000c2a                _exit
 *(.fini9)
 *(.fini8)
 *(.fini8)
 *(.fini7)
 *(.fini7)
 *(.fini6)
 *(.fini6)
 *(.fini5)
 *(.fini5)
 *(.fini4)
 *(.fini4)
 *(.fini3)
 *(.fini3)
 *(.fini2)
 *(.fini2)
 *(.fini1)
 *(.fini1)
 *(.fini0)
 .fini0         0x00000c2a        0x4 c:/winavr-20100110/bin/../lib/gcc/avr/4.3.3/avr5\libgcc.a(_exit.o)
 *(.fini0)
                0x00000c2e                _etext = .

.data           0x00800060        0xc load address 0x00000c2e
                0x00800060                PROVIDE (__data_start, .)
 *(.data)
 .data          0x00800060        0x0 c:/winavr-20100110/bin/../lib/gcc/avr/4.3.3/../../../../avr/lib/avr5/crtm32.o
 .data          0x00800060        0x0 ./ADC.o
 .data          0x00800060        0x0 ./Buzzer.o
 .data          0x00800060        0x0 ./CHOOSE_APP_RX.o
 .data          0x00800060        0x0 ./DCMotor.o
 .data          0x00800060        0x0 ./DIO.o
 .data          0x00800060        0x0 ./Keypad.o
 .data          0x00800060        0x0 ./LCD.o
 .data          0x00800060        0x0 ./LED.o
 .data          0x00800060        0x0 ./PWM0.o
 .data          0x00800060        0x0 ./SPI.o
 .data          0x00800060        0x0 ./Temp_Sensor.o
 .data          0x00800060        0x0 ./main.o
 .data          0x00800060        0x0 c:/winavr-20100110/bin/../lib/gcc/avr/4.3.3/avr5\libgcc.a(_udivmodqi4.o)
 .data          0x00800060        0x0 c:/winavr-20100110/bin/../lib/gcc/avr/4.3.3/avr5\libgcc.a(_divmodhi4.o)
 .data          0x00800060        0x0 c:/winavr-20100110/bin/../lib/gcc/avr/4.3.3/avr5\libgcc.a(_divmodsi4.o)
 .data          0x00800060        0x0 c:/winavr-20100110/bin/../lib/gcc/avr/4.3.3/avr5\libgcc.a(_exit.o)
 .data          0x00800060        0x0 c:/winavr-20100110/bin/../lib/gcc/avr/4.3.3/avr5\libgcc.a(_copy_data.o)
 .data          0x00800060        0x0 c:/winavr-20100110/bin/../lib/gcc/avr/4.3.3/avr5\libgcc.a(_clear_bss.o)
 .data          0x00800060        0x0 c:/winavr-20100110/bin/../lib/gcc/avr/4.3.3/avr5\libgcc.a(_udivmodhi4.o)
 .data          0x00800060        0x0 c:/winavr-20100110/bin/../lib/gcc/avr/4.3.3/avr5\libgcc.a(_udivmodsi4.o)
 *(.data*)
 *(.rodata)
 *(.rodata*)
 .rodata.Keypad_values
                0x00800060        0xc ./Keypad.o
                0x00800060                Keypad_values
 *(.gnu.linkonce.d*)
                0x0080006c                . = ALIGN (0x2)
                0x0080006c                _edata = .
                0x0080006c                PROVIDE (__data_end, .)

.bss            0x0080006c        0x1
                0x0080006c                PROVIDE (__bss_start, .)
 *(.bss)
 .bss           0x0080006c        0x0 c:/winavr-20100110/bin/../lib/gcc/avr/4.3.3/../../../../avr/lib/avr5/crtm32.o
 .bss           0x0080006c        0x0 ./ADC.o
 .bss           0x0080006c        0x0 ./Buzzer.o
 .bss           0x0080006c        0x0 ./CHOOSE_APP_RX.o
 .bss           0x0080006c        0x0 ./DCMotor.o
 .bss           0x0080006c        0x0 ./DIO.o
 .bss           0x0080006c        0x0 ./Keypad.o
 .bss           0x0080006c        0x0 ./LCD.o
 .bss           0x0080006c        0x0 ./LED.o
 .bss           0x0080006c        0x0 ./PWM0.o
 .bss           0x0080006c        0x0 ./SPI.o
 .bss           0x0080006c        0x0 ./Temp_Sensor.o
 .bss           0x0080006c        0x0 ./main.o
 .bss           0x0080006c        0x0 c:/winavr-20100110/bin/../lib/gcc/avr/4.3.3/avr5\libgcc.a(_udivmodqi4.o)
 .bss           0x0080006c        0x0 c:/winavr-20100110/bin/../lib/gcc/avr/4.3.3/avr5\libgcc.a(_divmodhi4.o)
 .bss           0x0080006c        0x0 c:/winavr-20100110/bin/../lib/gcc/avr/4.3.3/avr5\libgcc.a(_divmodsi4.o)
 .bss           0x0080006c        0x0 c:/winavr-20100110/bin/../lib/gcc/avr/4.3.3/avr5\libgcc.a(_exit.o)
 .bss           0x0080006c        0x0 c:/winavr-20100110/bin/../lib/gcc/avr/4.3.3/avr5\libgcc.a(_copy_data.o)
 .bss           0x0080006c        0x0 c:/winavr-20100110/bin/../lib/gcc/avr/4.3.3/avr5\libgcc.a(_clear_bss.o)
 .bss           0x0080006c        0x0 c:/winavr-20100110/bin/../lib/gcc/avr/4.3.3/avr5\libgcc.a(_udivmodhi4.o)
 .bss           0x0080006c        0x0 c:/winavr-20100110/bin/../lib/gcc/avr/4.3.3/avr5\libgcc.a(_udivmodsi4.o)
 *(.bss*)
 .bss.Received_Data
                0x0080006c        0x1 ./CHOOSE_APP_RX.o
                0x0080006c                Received_Data
 *(COMMON)
                0x0080006d                PROVIDE (__bss_end, .)
                0x00000c2e                __data_load_start = LOADADDR (.data)
                0x00000c3a                __data_load_end = (__data_load_start + SIZEOF (.data))

.noinit         0x0080006d        0x0
                0x0080006d                PROVIDE (__noinit_start, .)
 *(.noinit*)
                0x0080006d                PROVIDE (__noinit_end, .)
                0x0080006d                _end = .
                0x0080006d                PROVIDE (__heap_start, .)

.eeprom         0x00810000        0x0
 *(.eeprom*)
                0x00810000                __eeprom_end = .

.fuse
 *(.fuse)
 *(.lfuse)
 *(.hfuse)
 *(.efuse)

.lock
 *(.lock*)

.signature
 *(.signature*)

.stab
 *(.stab)

.stabstr
 *(.stabstr)

.stab.excl
 *(.stab.excl)

.stab.exclstr
 *(.stab.exclstr)

.stab.index
 *(.stab.index)

.stab.indexstr
 *(.stab.indexstr)

.comment
 *(.comment)

.debug
 *(.debug)

.line
 *(.line)

.debug_srcinfo
 *(.debug_srcinfo)

.debug_sfnames
 *(.debug_sfnames)

.debug_aranges
 *(.debug_aranges)

.debug_pubnames
 *(.debug_pubnames)

.debug_info
 *(.debug_info)
 *(.gnu.linkonce.wi.*)

.debug_abbrev
 *(.debug_abbrev)

.debug_line
 *(.debug_line)

.debug_frame
 *(.debug_frame)

.debug_str
 *(.debug_str)

.debug_loc
 *(.debug_loc)

.debug_macinfo
 *(.debug_macinfo)
OUTPUT(MICROCONTROLLER_2.elf elf32-avr)
LOAD linker stubs
