Archive member included because of file (symbol)

c:/winavr-20100110/bin/../lib/gcc/avr/4.3.3/avr5\libgcc.a(_exit.o)
                              c:/winavr-20100110/bin/../lib/gcc/avr/4.3.3/../../../../avr/lib/avr5/crtm32.o (exit)
c:/winavr-20100110/bin/../lib/gcc/avr/4.3.3/avr5\libgcc.a(_copy_data.o)
                              ./Keypad.o (__do_copy_data)

Memory Configuration

Name             Origin             Length             Attributes
text             0x00000000         0x00020000         xr
data             0x00800060         0x0000ffa0         rw !x
eeprom           0x00810000         0x00010000         rw !x
fuse             0x00820000         0x00000400         rw !x
lock             0x00830000         0x00000400         rw !x
signature        0x00840000         0x00000400         rw !x
*default*        0x00000000         0xffffffff

Linker script and memory map

LOAD c:/winavr-20100110/bin/../lib/gcc/avr/4.3.3/../../../../avr/lib/avr5/crtm32.o
LOAD ./Button.o
LOAD ./Buzzer.o
LOAD ./CHOOSE_APP.o
LOAD ./DIO.o
LOAD ./Keypad.o
LOAD ./LCD.o
LOAD ./LED.o
LOAD ./Password.o
LOAD ./SPI.o
LOAD ./UART.o
LOAD ./bluetooth.o
LOAD ./main.o
LOAD c:/winavr-20100110/bin/../lib/gcc/avr/4.3.3/avr5\libgcc.a
LOAD c:/winavr-20100110/bin/../lib/gcc/avr/4.3.3/../../../../avr/lib/avr5\libc.a
LOAD c:/winavr-20100110/bin/../lib/gcc/avr/4.3.3/avr5\libgcc.a

.hash
 *(.hash)

.dynsym
 *(.dynsym)

.dynstr
 *(.dynstr)

.gnu.version
 *(.gnu.version)

.gnu.version_d
 *(.gnu.version_d)

.gnu.version_r
 *(.gnu.version_r)

.rel.init
 *(.rel.init)

.rela.init
 *(.rela.init)

.rel.text
 *(.rel.text)
 *(.rel.text.*)
 *(.rel.gnu.linkonce.t*)

.rela.text
 *(.rela.text)
 *(.rela.text.*)
 *(.rela.gnu.linkonce.t*)

.rel.fini
 *(.rel.fini)

.rela.fini
 *(.rela.fini)

.rel.rodata
 *(.rel.rodata)
 *(.rel.rodata.*)
 *(.rel.gnu.linkonce.r*)

.rela.rodata
 *(.rela.rodata)
 *(.rela.rodata.*)
 *(.rela.gnu.linkonce.r*)

.rel.data
 *(.rel.data)
 *(.rel.data.*)
 *(.rel.gnu.linkonce.d*)

.rela.data
 *(.rela.data)
 *(.rela.data.*)
 *(.rela.gnu.linkonce.d*)

.rel.ctors
 *(.rel.ctors)

.rela.ctors
 *(.rela.ctors)

.rel.dtors
 *(.rel.dtors)

.rela.dtors
 *(.rela.dtors)

.rel.got
 *(.rel.got)

.rela.got
 *(.rela.got)

.rel.bss
 *(.rel.bss)

.rela.bss
 *(.rela.bss)

.rel.plt
 *(.rel.plt)

.rela.plt
 *(.rela.plt)

.text           0x00000000      0x922
 *(.vectors)
 .vectors       0x00000000       0x54 c:/winavr-20100110/bin/../lib/gcc/avr/4.3.3/../../../../avr/lib/avr5/crtm32.o
                0x00000000                __vectors
                0x00000000                __vector_default
 *(.vectors)
 *(.progmem.gcc*)
 *(.progmem*)
                0x00000054                . = ALIGN (0x2)
                0x00000054                __trampolines_start = .
 *(.trampolines)
 .trampolines   0x00000054        0x0 linker stubs
 *(.trampolines*)
                0x00000054                __trampolines_end = .
 *(.jumptables)
 *(.jumptables*)
 *(.lowtext)
 *(.lowtext*)
                0x00000054                __ctors_start = .
 *(.ctors)
                0x00000054                __ctors_end = .
                0x00000054                __dtors_start = .
 *(.dtors)
                0x00000054                __dtors_end = .
 SORT(*)(.ctors)
 SORT(*)(.dtors)
 *(.init0)
 .init0         0x00000054        0x0 c:/winavr-20100110/bin/../lib/gcc/avr/4.3.3/../../../../avr/lib/avr5/crtm32.o
                0x00000054                __init
 *(.init0)
 *(.init1)
 *(.init1)
 *(.init2)
 .init2         0x00000054        0xc c:/winavr-20100110/bin/../lib/gcc/avr/4.3.3/../../../../avr/lib/avr5/crtm32.o
 *(.init2)
 *(.init3)
 *(.init3)
 *(.init4)
 .init4         0x00000060       0x16 c:/winavr-20100110/bin/../lib/gcc/avr/4.3.3/avr5\libgcc.a(_copy_data.o)
                0x00000060                __do_copy_data
 *(.init4)
 *(.init5)
 *(.init5)
 *(.init6)
 *(.init6)
 *(.init7)
 *(.init7)
 *(.init8)
 *(.init8)
 *(.init9)
 .init9         0x00000076        0x8 c:/winavr-20100110/bin/../lib/gcc/avr/4.3.3/../../../../avr/lib/avr5/crtm32.o
 *(.init9)
 *(.text)
 .text          0x0000007e        0x4 c:/winavr-20100110/bin/../lib/gcc/avr/4.3.3/../../../../avr/lib/avr5/crtm32.o
                0x0000007e                __vector_1
                0x0000007e                __vector_12
                0x0000007e                __bad_interrupt
                0x0000007e                __vector_6
                0x0000007e                __vector_3
                0x0000007e                __vector_11
                0x0000007e                __vector_13
                0x0000007e                __vector_17
                0x0000007e                __vector_19
                0x0000007e                __vector_7
                0x0000007e                __vector_5
                0x0000007e                __vector_4
                0x0000007e                __vector_9
                0x0000007e                __vector_2
                0x0000007e                __vector_15
                0x0000007e                __vector_8
                0x0000007e                __vector_14
                0x0000007e                __vector_10
                0x0000007e                __vector_16
                0x0000007e                __vector_18
                0x0000007e                __vector_20
 .text          0x00000082        0x0 ./Button.o
 .text          0x00000082        0x0 ./Buzzer.o
 .text          0x00000082        0x0 ./CHOOSE_APP.o
 .text          0x00000082        0x0 ./DIO.o
 .text          0x00000082        0x0 ./Keypad.o
 .text          0x00000082        0x0 ./LCD.o
 .text          0x00000082        0x0 ./LED.o
 .text          0x00000082        0x0 ./Password.o
 .text          0x00000082        0x0 ./SPI.o
 .text          0x00000082        0x0 ./UART.o
 .text          0x00000082        0x0 ./bluetooth.o
 .text          0x00000082        0x0 ./main.o
 .text          0x00000082        0x0 c:/winavr-20100110/bin/../lib/gcc/avr/4.3.3/avr5\libgcc.a(_exit.o)
 .text          0x00000082        0x0 c:/winavr-20100110/bin/../lib/gcc/avr/4.3.3/avr5\libgcc.a(_copy_data.o)
                0x00000082                . = ALIGN (0x2)
 *(.text.*)
 .text.Button1_GetValue
                0x00000082       0x12 ./Button.o
                0x00000082                Button1_GetValue
 .text.Button1_initial
                0x00000094        0xc ./Button.o
                0x00000094                Button1_initial
 .text.buzzer_OFF
                0x000000a0        0xc ./Buzzer.o
                0x000000a0                buzzer_OFF
 .text.buzzer_ON
                0x000000ac        0xc ./Buzzer.o
                0x000000ac                buzzer_ON
 .text.buzzer_initial
                0x000000b8        0xc ./Buzzer.o
                0x000000b8                buzzer_initial
 .text.CONTROL  0x000000c4       0x36 ./CHOOSE_APP.o
                0x000000c4                CONTROL
 .text.DIO_SetPortDir
                0x000000fa       0x22 ./DIO.o
                0x000000fa                DIO_SetPortDir
 .text.DIO_SetPinDir
                0x0000011c       0xe8 ./DIO.o
                0x0000011c                DIO_SetPinDir
 .text.DIO_WritePort
                0x00000204       0x22 ./DIO.o
                0x00000204                DIO_WritePort
 .text.DIO_WritePin
                0x00000226       0xe8 ./DIO.o
                0x00000226                DIO_WritePin
 .text.DIO_ReadPort
                0x0000030e       0x28 ./DIO.o
                0x0000030e                DIO_ReadPort
 .text.DIO_ReadPin
                0x00000336       0x44 ./DIO.o
                0x00000336                DIO_ReadPin
 .text.DIO_TogglePin
                0x0000037a       0x6a ./DIO.o
                0x0000037a                DIO_TogglePin
 .text.DIO_SetPullUp
                0x000003e4       0x6a ./DIO.o
                0x000003e4                DIO_SetPullUp
 .text.KEYPAD_GetValue
                0x0000044e       0xc4 ./Keypad.o
                0x0000044e                KEYPAD_GetValue
 .text.KEYPAD_Initial
                0x00000512       0x86 ./Keypad.o
                0x00000512                KEYPAD_Initial
 .text.LCD_WriteChar
                0x00000598       0x72 ./LCD.o
                0x00000598                LCD_WriteChar
 .text.LCD_WriteString
                0x0000060a       0x3a ./LCD.o
                0x0000060a                LCD_WriteString
 .text.LCD_WriteCmd
                0x00000644       0x7e ./LCD.o
                0x00000644                LCD_WriteCmd
 .text.LCD_Clear
                0x000006c2        0x8 ./LCD.o
                0x000006c2                LCD_Clear
 .text.LCD_GOTO
                0x000006ca       0x2a ./LCD.o
                0x000006ca                LCD_GOTO
 .text.LCD_initial
                0x000006f4       0x82 ./LCD.o
                0x000006f4                LCD_initial
 .text.LED0_Toggle
                0x00000776        0xa ./LED.o
                0x00000776                LED0_Toggle
 .text.LED1_initial
                0x00000780        0x4 ./LED.o
                0x00000780                LED1_initial
 .text.LED1_ON  0x00000784        0x4 ./LED.o
                0x00000784                LED1_ON
 .text.LED1_OFF
                0x00000788        0x4 ./LED.o
                0x00000788                LED1_OFF
 .text.LED1_Toggle
                0x0000078c        0x8 ./LED.o
                0x0000078c                LED1_Toggle
 .text.LED2_initial
                0x00000794        0x4 ./LED.o
                0x00000794                LED2_initial
 .text.LED2_ON  0x00000798        0x4 ./LED.o
                0x00000798                LED2_ON
 .text.LED2_OFF
                0x0000079c        0x4 ./LED.o
                0x0000079c                LED2_OFF
 .text.LED2_Toggle
                0x000007a0        0xa ./LED.o
                0x000007a0                LED2_Toggle
 .text.LED0_OFF
                0x000007aa        0xc ./LED.o
                0x000007aa                LED0_OFF
 .text.LED0_ON  0x000007b6        0xc ./LED.o
                0x000007b6                LED0_ON
 .text.LED0_initial
                0x000007c2        0xc ./LED.o
                0x000007c2                LED0_initial
 .text.Check_Password
                0x000007ce       0x4e ./Password.o
                0x000007ce                Check_Password
 .text.SPI_TranSiver
                0x0000081c        0xa ./SPI.o
                0x0000081c                SPI_TranSiver
 .text.SPI_Master_TerminateTrans
                0x00000826        0xc ./SPI.o
                0x00000826                SPI_Master_TerminateTrans
 .text.SPI_Master_InitTrans
                0x00000832        0xc ./SPI.o
                0x00000832                SPI_Master_InitTrans
 .text.SPI_Slave_Init
                0x0000083e       0x2e ./SPI.o
                0x0000083e                SPI_Slave_Init
 .text.SPI_Master_Init
                0x0000086c       0x2e ./SPI.o
                0x0000086c                SPI_Master_Init
 .text.UART_Transmit_CHAR
                0x0000089a        0x8 ./UART.o
                0x0000089a                UART_Transmit_CHAR
 .text.UART_Transmit_String
                0x000008a2       0x1a ./UART.o
                0x000008a2                UART_Transmit_String
 .text.UART_Receive_CHAR
                0x000008bc        0x8 ./UART.o
                0x000008bc                UART_Receive_CHAR
 .text.UART_Receive_String_POLLING
                0x000008c4       0x1a ./UART.o
                0x000008c4                UART_Receive_String_POLLING
 .text.UART_InIT
                0x000008de       0x26 ./UART.o
                0x000008de                UART_InIT
 .text.Bluetooth_Receive_character
                0x00000904        0xa ./bluetooth.o
                0x00000904                Bluetooth_Receive_character
 .text.main     0x0000090e       0x10 ./main.o
                0x0000090e                main
 .text.libgcc   0x0000091e        0x0 c:/winavr-20100110/bin/../lib/gcc/avr/4.3.3/avr5\libgcc.a(_exit.o)
 .text.libgcc   0x0000091e        0x0 c:/winavr-20100110/bin/../lib/gcc/avr/4.3.3/avr5\libgcc.a(_copy_data.o)
                0x0000091e                . = ALIGN (0x2)
 *(.fini9)
 .fini9         0x0000091e        0x0 c:/winavr-20100110/bin/../lib/gcc/avr/4.3.3/avr5\libgcc.a(_exit.o)
                0x0000091e                exit
                0x0000091e                _exit
 *(.fini9)
 *(.fini8)
 *(.fini8)
 *(.fini7)
 *(.fini7)
 *(.fini6)
 *(.fini6)
 *(.fini5)
 *(.fini5)
 *(.fini4)
 *(.fini4)
 *(.fini3)
 *(.fini3)
 *(.fini2)
 *(.fini2)
 *(.fini1)
 *(.fini1)
 *(.fini0)
 .fini0         0x0000091e        0x4 c:/winavr-20100110/bin/../lib/gcc/avr/4.3.3/avr5\libgcc.a(_exit.o)
 *(.fini0)
                0x00000922                _etext = .

.data           0x00800060       0x3e load address 0x00000922
                0x00800060                PROVIDE (__data_start, .)
 *(.data)
 .data          0x00800060        0x0 c:/winavr-20100110/bin/../lib/gcc/avr/4.3.3/../../../../avr/lib/avr5/crtm32.o
 .data          0x00800060        0x0 ./Button.o
 .data          0x00800060        0x0 ./Buzzer.o
 .data          0x00800060        0x0 ./CHOOSE_APP.o
 .data          0x00800060        0x0 ./DIO.o
 .data          0x00800060        0x0 ./Keypad.o
 .data          0x00800060        0x0 ./LCD.o
 .data          0x00800060        0x0 ./LED.o
 .data          0x00800060        0x0 ./Password.o
 .data          0x00800060        0x0 ./SPI.o
 .data          0x00800060        0x0 ./UART.o
 .data          0x00800060        0x0 ./bluetooth.o
 .data          0x00800060        0x0 ./main.o
 .data          0x00800060        0x0 c:/winavr-20100110/bin/../lib/gcc/avr/4.3.3/avr5\libgcc.a(_exit.o)
 .data          0x00800060        0x0 c:/winavr-20100110/bin/../lib/gcc/avr/4.3.3/avr5\libgcc.a(_copy_data.o)
 *(.data*)
 .data.str.1277
                0x00800060       0x32 ./UART.o
 *(.rodata)
 *(.rodata*)
 .rodata.Keypad_values
                0x00800092        0xc ./Keypad.o
                0x00800092                Keypad_values
 *(.gnu.linkonce.d*)
                0x0080009e                . = ALIGN (0x2)
                0x0080009e                _edata = .
                0x0080009e                PROVIDE (__data_end, .)

.bss            0x0080009e        0x0
                0x0080009e                PROVIDE (__bss_start, .)
 *(.bss)
 .bss           0x0080009e        0x0 c:/winavr-20100110/bin/../lib/gcc/avr/4.3.3/../../../../avr/lib/avr5/crtm32.o
 .bss           0x0080009e        0x0 ./Button.o
 .bss           0x0080009e        0x0 ./Buzzer.o
 .bss           0x0080009e        0x0 ./CHOOSE_APP.o
 .bss           0x0080009e        0x0 ./DIO.o
 .bss           0x0080009e        0x0 ./Keypad.o
 .bss           0x0080009e        0x0 ./LCD.o
 .bss           0x0080009e        0x0 ./LED.o
 .bss           0x0080009e        0x0 ./Password.o
 .bss           0x0080009e        0x0 ./SPI.o
 .bss           0x0080009e        0x0 ./UART.o
 .bss           0x0080009e        0x0 ./bluetooth.o
 .bss           0x0080009e        0x0 ./main.o
 .bss           0x0080009e        0x0 c:/winavr-20100110/bin/../lib/gcc/avr/4.3.3/avr5\libgcc.a(_exit.o)
 .bss           0x0080009e        0x0 c:/winavr-20100110/bin/../lib/gcc/avr/4.3.3/avr5\libgcc.a(_copy_data.o)
 *(.bss*)
 *(COMMON)
                0x0080009e                PROVIDE (__bss_end, .)
                0x00000922                __data_load_start = LOADADDR (.data)
                0x00000960                __data_load_end = (__data_load_start + SIZEOF (.data))

.noinit         0x0080009e        0x0
                0x0080009e                PROVIDE (__noinit_start, .)
 *(.noinit*)
                0x0080009e                PROVIDE (__noinit_end, .)
                0x0080009e                _end = .
                0x0080009e                PROVIDE (__heap_start, .)

.eeprom         0x00810000        0x0
 *(.eeprom*)
                0x00810000                __eeprom_end = .

.fuse
 *(.fuse)
 *(.lfuse)
 *(.hfuse)
 *(.efuse)

.lock
 *(.lock*)

.signature
 *(.signature*)

.stab
 *(.stab)

.stabstr
 *(.stabstr)

.stab.excl
 *(.stab.excl)

.stab.exclstr
 *(.stab.exclstr)

.stab.index
 *(.stab.index)

.stab.indexstr
 *(.stab.indexstr)

.comment
 *(.comment)

.debug
 *(.debug)

.line
 *(.line)

.debug_srcinfo
 *(.debug_srcinfo)

.debug_sfnames
 *(.debug_sfnames)

.debug_aranges
 *(.debug_aranges)

.debug_pubnames
 *(.debug_pubnames)

.debug_info
 *(.debug_info)
 *(.gnu.linkonce.wi.*)

.debug_abbrev
 *(.debug_abbrev)

.debug_line
 *(.debug_line)

.debug_frame
 *(.debug_frame)

.debug_str
 *(.debug_str)

.debug_loc
 *(.debug_loc)

.debug_macinfo
 *(.debug_macinfo)
OUTPUT(MICROCONTROLLER_1.elf elf32-avr)
LOAD linker stubs
