Archive member included because of file (symbol)

c:/winavr-20100110/bin/../lib/gcc/avr/4.3.3/avr5\libgcc.a(_udivmodqi4.o)
                              ./LCD.o (__udivmodqi4)
c:/winavr-20100110/bin/../lib/gcc/avr/4.3.3/avr5\libgcc.a(_divmodhi4.o)
                              ./PWM0.o (__divmodhi4)
c:/winavr-20100110/bin/../lib/gcc/avr/4.3.3/avr5\libgcc.a(_divmodsi4.o)
                              ./LCD.o (__divmodsi4)
c:/winavr-20100110/bin/../lib/gcc/avr/4.3.3/avr5\libgcc.a(_exit.o)
                              c:/winavr-20100110/bin/../lib/gcc/avr/4.3.3/../../../../avr/lib/avr5/crtm32.o (exit)
c:/winavr-20100110/bin/../lib/gcc/avr/4.3.3/avr5\libgcc.a(_copy_data.o)
                              ./UART.o (__do_copy_data)
c:/winavr-20100110/bin/../lib/gcc/avr/4.3.3/avr5\libgcc.a(_udivmodhi4.o)
                              c:/winavr-20100110/bin/../lib/gcc/avr/4.3.3/avr5\libgcc.a(_divmodhi4.o) (__udivmodhi4)
c:/winavr-20100110/bin/../lib/gcc/avr/4.3.3/avr5\libgcc.a(_udivmodsi4.o)
                              c:/winavr-20100110/bin/../lib/gcc/avr/4.3.3/avr5\libgcc.a(_divmodsi4.o) (__udivmodsi4)

Memory Configuration

Name             Origin             Length             Attributes
text             0x00000000         0x00020000         xr
data             0x00800060         0x0000ffa0         rw !x
eeprom           0x00810000         0x00010000         rw !x
fuse             0x00820000         0x00000400         rw !x
lock             0x00830000         0x00000400         rw !x
signature        0x00840000         0x00000400         rw !x
*default*        0x00000000         0xffffffff

Linker script and memory map

LOAD c:/winavr-20100110/bin/../lib/gcc/avr/4.3.3/../../../../avr/lib/avr5/crtm32.o
LOAD ./ADC.o
LOAD ./Buzzer.o
LOAD ./DCMotor.o
LOAD ./DIO.o
LOAD ./LCD.o
LOAD ./LED.o
LOAD ./PWM0.o
LOAD ./Temp_Sensor.o
LOAD ./UART.o
LOAD ./bluetooth.o
LOAD ./main.o
LOAD c:/winavr-20100110/bin/../lib/gcc/avr/4.3.3/avr5\libgcc.a
LOAD c:/winavr-20100110/bin/../lib/gcc/avr/4.3.3/../../../../avr/lib/avr5\libc.a
LOAD c:/winavr-20100110/bin/../lib/gcc/avr/4.3.3/avr5\libgcc.a

.hash
 *(.hash)

.dynsym
 *(.dynsym)

.dynstr
 *(.dynstr)

.gnu.version
 *(.gnu.version)

.gnu.version_d
 *(.gnu.version_d)

.gnu.version_r
 *(.gnu.version_r)

.rel.init
 *(.rel.init)

.rela.init
 *(.rela.init)

.rel.text
 *(.rel.text)
 *(.rel.text.*)
 *(.rel.gnu.linkonce.t*)

.rela.text
 *(.rela.text)
 *(.rela.text.*)
 *(.rela.gnu.linkonce.t*)

.rel.fini
 *(.rel.fini)

.rela.fini
 *(.rela.fini)

.rel.rodata
 *(.rel.rodata)
 *(.rel.rodata.*)
 *(.rel.gnu.linkonce.r*)

.rela.rodata
 *(.rela.rodata)
 *(.rela.rodata.*)
 *(.rela.gnu.linkonce.r*)

.rel.data
 *(.rel.data)
 *(.rel.data.*)
 *(.rel.gnu.linkonce.d*)

.rela.data
 *(.rela.data)
 *(.rela.data.*)
 *(.rela.gnu.linkonce.d*)

.rel.ctors
 *(.rel.ctors)

.rela.ctors
 *(.rela.ctors)

.rel.dtors
 *(.rel.dtors)

.rela.dtors
 *(.rela.dtors)

.rel.got
 *(.rel.got)

.rela.got
 *(.rela.got)

.rel.bss
 *(.rel.bss)

.rela.bss
 *(.rela.bss)

.rel.plt
 *(.rel.plt)

.rela.plt
 *(.rela.plt)

.text           0x00000000      0xa58
 *(.vectors)
 .vectors       0x00000000       0x54 c:/winavr-20100110/bin/../lib/gcc/avr/4.3.3/../../../../avr/lib/avr5/crtm32.o
                0x00000000                __vectors
                0x00000000                __vector_default
 *(.vectors)
 *(.progmem.gcc*)
 *(.progmem*)
                0x00000054                . = ALIGN (0x2)
                0x00000054                __trampolines_start = .
 *(.trampolines)
 .trampolines   0x00000054        0x0 linker stubs
 *(.trampolines*)
                0x00000054                __trampolines_end = .
 *(.jumptables)
 *(.jumptables*)
 *(.lowtext)
 *(.lowtext*)
                0x00000054                __ctors_start = .
 *(.ctors)
                0x00000054                __ctors_end = .
                0x00000054                __dtors_start = .
 *(.dtors)
                0x00000054                __dtors_end = .
 SORT(*)(.ctors)
 SORT(*)(.dtors)
 *(.init0)
 .init0         0x00000054        0x0 c:/winavr-20100110/bin/../lib/gcc/avr/4.3.3/../../../../avr/lib/avr5/crtm32.o
                0x00000054                __init
 *(.init0)
 *(.init1)
 *(.init1)
 *(.init2)
 .init2         0x00000054        0xc c:/winavr-20100110/bin/../lib/gcc/avr/4.3.3/../../../../avr/lib/avr5/crtm32.o
 *(.init2)
 *(.init3)
 *(.init3)
 *(.init4)
 .init4         0x00000060       0x16 c:/winavr-20100110/bin/../lib/gcc/avr/4.3.3/avr5\libgcc.a(_copy_data.o)
                0x00000060                __do_copy_data
 *(.init4)
 *(.init5)
 *(.init5)
 *(.init6)
 *(.init6)
 *(.init7)
 *(.init7)
 *(.init8)
 *(.init8)
 *(.init9)
 .init9         0x00000076        0x8 c:/winavr-20100110/bin/../lib/gcc/avr/4.3.3/../../../../avr/lib/avr5/crtm32.o
 *(.init9)
 *(.text)
 .text          0x0000007e        0x4 c:/winavr-20100110/bin/../lib/gcc/avr/4.3.3/../../../../avr/lib/avr5/crtm32.o
                0x0000007e                __vector_1
                0x0000007e                __vector_12
                0x0000007e                __bad_interrupt
                0x0000007e                __vector_6
                0x0000007e                __vector_3
                0x0000007e                __vector_11
                0x0000007e                __vector_13
                0x0000007e                __vector_17
                0x0000007e                __vector_19
                0x0000007e                __vector_7
                0x0000007e                __vector_5
                0x0000007e                __vector_4
                0x0000007e                __vector_9
                0x0000007e                __vector_2
                0x0000007e                __vector_15
                0x0000007e                __vector_8
                0x0000007e                __vector_14
                0x0000007e                __vector_10
                0x0000007e                __vector_16
                0x0000007e                __vector_18
                0x0000007e                __vector_20
 .text          0x00000082        0x0 ./ADC.o
 .text          0x00000082        0x0 ./Buzzer.o
 .text          0x00000082        0x0 ./DCMotor.o
 .text          0x00000082        0x0 ./DIO.o
 .text          0x00000082        0x0 ./LCD.o
 .text          0x00000082        0x0 ./LED.o
 .text          0x00000082        0x0 ./PWM0.o
 .text          0x00000082        0x0 ./Temp_Sensor.o
 .text          0x00000082        0x0 ./UART.o
 .text          0x00000082        0x0 ./bluetooth.o
 .text          0x00000082        0x0 ./main.o
 .text          0x00000082        0x0 c:/winavr-20100110/bin/../lib/gcc/avr/4.3.3/avr5\libgcc.a(_udivmodqi4.o)
 .text          0x00000082        0x0 c:/winavr-20100110/bin/../lib/gcc/avr/4.3.3/avr5\libgcc.a(_divmodhi4.o)
 .text          0x00000082        0x0 c:/winavr-20100110/bin/../lib/gcc/avr/4.3.3/avr5\libgcc.a(_divmodsi4.o)
 .text          0x00000082        0x0 c:/winavr-20100110/bin/../lib/gcc/avr/4.3.3/avr5\libgcc.a(_exit.o)
 .text          0x00000082        0x0 c:/winavr-20100110/bin/../lib/gcc/avr/4.3.3/avr5\libgcc.a(_copy_data.o)
 .text          0x00000082        0x0 c:/winavr-20100110/bin/../lib/gcc/avr/4.3.3/avr5\libgcc.a(_udivmodhi4.o)
 .text          0x00000082        0x0 c:/winavr-20100110/bin/../lib/gcc/avr/4.3.3/avr5\libgcc.a(_udivmodsi4.o)
                0x00000082                . = ALIGN (0x2)
 *(.text.*)
 .text.ADC_InIT
                0x00000082       0x16 ./ADC.o
                0x00000082                ADC_InIT
 .text.ADC_Read
                0x00000098       0x2c ./ADC.o
                0x00000098                ADC_Read
 .text.buzzer_OFF
                0x000000c4        0xc ./Buzzer.o
                0x000000c4                buzzer_OFF
 .text.buzzer_ON
                0x000000d0        0xc ./Buzzer.o
                0x000000d0                buzzer_ON
 .text.buzzer_TOGGLE
                0x000000dc       0x28 ./Buzzer.o
                0x000000dc                buzzer_TOGGLE
 .text.buzzer_initial
                0x00000104        0xc ./Buzzer.o
                0x00000104                buzzer_initial
 .text.DCMotor_STOP
                0x00000110       0x16 ./DCMotor.o
                0x00000110                DCMotor_STOP
 .text.DCMotor_SetDir
                0x00000126       0x36 ./DCMotor.o
                0x00000126                DCMotor_SetDir
 .text.DCMotor_START
                0x0000015c        0x6 ./DCMotor.o
                0x0000015c                DCMotor_START
 .text.DCMotor_SetSpeed
                0x00000162        0xe ./DCMotor.o
                0x00000162                DCMotor_SetSpeed
 .text.DCMotor_Initial
                0x00000170       0x24 ./DCMotor.o
                0x00000170                DCMotor_Initial
 .text.DIO_SetPortDir
                0x00000194       0x22 ./DIO.o
                0x00000194                DIO_SetPortDir
 .text.DIO_SetPinDir
                0x000001b6       0xe8 ./DIO.o
                0x000001b6                DIO_SetPinDir
 .text.DIO_WritePort
                0x0000029e       0x22 ./DIO.o
                0x0000029e                DIO_WritePort
 .text.DIO_WritePin
                0x000002c0       0xe8 ./DIO.o
                0x000002c0                DIO_WritePin
 .text.DIO_ReadPort
                0x000003a8       0x28 ./DIO.o
                0x000003a8                DIO_ReadPort
 .text.DIO_ReadPin
                0x000003d0       0x44 ./DIO.o
                0x000003d0                DIO_ReadPin
 .text.DIO_TogglePin
                0x00000414       0x6a ./DIO.o
                0x00000414                DIO_TogglePin
 .text.DIO_SetPullUp
                0x0000047e       0x6a ./DIO.o
                0x0000047e                DIO_SetPullUp
 .text.LCD_WriteChar
                0x000004e8       0x72 ./LCD.o
                0x000004e8                LCD_WriteChar
 .text.LCD_WriteInteger
                0x0000055a       0xbc ./LCD.o
                0x0000055a                LCD_WriteInteger
 .text.LCD_WriteString
                0x00000616       0x3a ./LCD.o
                0x00000616                LCD_WriteString
 .text.LCD_WriteCmd
                0x00000650       0x7e ./LCD.o
                0x00000650                LCD_WriteCmd
 .text.LCD_Clear
                0x000006ce        0x8 ./LCD.o
                0x000006ce                LCD_Clear
 .text.LCD_GOTO
                0x000006d6       0x2a ./LCD.o
                0x000006d6                LCD_GOTO
 .text.LCD_initial
                0x00000700       0x82 ./LCD.o
                0x00000700                LCD_initial
 .text.LED0_Toggle
                0x00000782        0xa ./LED.o
                0x00000782                LED0_Toggle
 .text.LED1_initial
                0x0000078c        0x4 ./LED.o
                0x0000078c                LED1_initial
 .text.LED1_ON  0x00000790        0x4 ./LED.o
                0x00000790                LED1_ON
 .text.LED1_OFF
                0x00000794        0x4 ./LED.o
                0x00000794                LED1_OFF
 .text.LED1_Toggle
                0x00000798        0x8 ./LED.o
                0x00000798                LED1_Toggle
 .text.LED2_initial
                0x000007a0        0x4 ./LED.o
                0x000007a0                LED2_initial
 .text.LED2_ON  0x000007a4        0x4 ./LED.o
                0x000007a4                LED2_ON
 .text.LED2_OFF
                0x000007a8        0x4 ./LED.o
                0x000007a8                LED2_OFF
 .text.LED2_Toggle
                0x000007ac        0xa ./LED.o
                0x000007ac                LED2_Toggle
 .text.LED3_initial
                0x000007b6        0x4 ./LED.o
                0x000007b6                LED3_initial
 .text.LED3_ON  0x000007ba        0x4 ./LED.o
                0x000007ba                LED3_ON
 .text.LED3_OFF
                0x000007be        0x4 ./LED.o
                0x000007be                LED3_OFF
 .text.LED3_Toggle
                0x000007c2        0xa ./LED.o
                0x000007c2                LED3_Toggle
 .text.LED0_OFF
                0x000007cc        0xc ./LED.o
                0x000007cc                LED0_OFF
 .text.LED0_ON  0x000007d8        0xc ./LED.o
                0x000007d8                LED0_ON
 .text.LED0_initial
                0x000007e4        0xc ./LED.o
                0x000007e4                LED0_initial
 .text.PWM0_Init
                0x000007f0        0xe ./PWM0.o
                0x000007f0                PWM0_Init
 .text.PWM0_Generate
                0x000007fe       0x12 ./PWM0.o
                0x000007fe                PWM0_Generate
 .text.PWM0_Start
                0x00000810        0x8 ./PWM0.o
                0x00000810                PWM0_Start
 .text.TempSensor_Read
                0x00000818        0x6 ./Temp_Sensor.o
                0x00000818                TempSensor_Read
 .text.TempSensor_Initialization
                0x0000081e        0x6 ./Temp_Sensor.o
                0x0000081e                TempSensor_Initialization
 .text.UART_Transmit_CHAR
                0x00000824        0x8 ./UART.o
                0x00000824                UART_Transmit_CHAR
 .text.UART_Transmit_String
                0x0000082c       0x1a ./UART.o
                0x0000082c                UART_Transmit_String
 .text.UART_Receive_CHAR
                0x00000846        0x8 ./UART.o
                0x00000846                UART_Receive_CHAR
 .text.UART_Receive_String_POLLING
                0x0000084e       0x1a ./UART.o
                0x0000084e                UART_Receive_String_POLLING
 .text.UART_InIT
                0x00000868       0x26 ./UART.o
                0x00000868                UART_InIT
 .text.Bluetooth_Receive_character
                0x0000088e       0xbe ./bluetooth.o
                0x0000088e                Bluetooth_Receive_character
 .text.Control_Initialization
                0x0000094c       0x22 ./bluetooth.o
                0x0000094c                Control_Initialization
 .text.main     0x0000096e        0x6 ./main.o
                0x0000096e                main
 .text.libgcc   0x00000974       0x18 c:/winavr-20100110/bin/../lib/gcc/avr/4.3.3/avr5\libgcc.a(_udivmodqi4.o)
                0x00000974                __udivmodqi4
 .text.libgcc   0x0000098c       0x26 c:/winavr-20100110/bin/../lib/gcc/avr/4.3.3/avr5\libgcc.a(_divmodhi4.o)
                0x0000098c                __divmodhi4
                0x0000098c                _div
 .text.libgcc   0x000009b2       0x36 c:/winavr-20100110/bin/../lib/gcc/avr/4.3.3/avr5\libgcc.a(_divmodsi4.o)
                0x000009b2                __divmodsi4
 .text.libgcc   0x000009e8        0x0 c:/winavr-20100110/bin/../lib/gcc/avr/4.3.3/avr5\libgcc.a(_exit.o)
 .text.libgcc   0x000009e8        0x0 c:/winavr-20100110/bin/../lib/gcc/avr/4.3.3/avr5\libgcc.a(_copy_data.o)
 .text.libgcc   0x000009e8       0x28 c:/winavr-20100110/bin/../lib/gcc/avr/4.3.3/avr5\libgcc.a(_udivmodhi4.o)
                0x000009e8                __udivmodhi4
 .text.libgcc   0x00000a10       0x44 c:/winavr-20100110/bin/../lib/gcc/avr/4.3.3/avr5\libgcc.a(_udivmodsi4.o)
                0x00000a10                __udivmodsi4
                0x00000a54                . = ALIGN (0x2)
 *(.fini9)
 .fini9         0x00000a54        0x0 c:/winavr-20100110/bin/../lib/gcc/avr/4.3.3/avr5\libgcc.a(_exit.o)
                0x00000a54                exit
                0x00000a54                _exit
 *(.fini9)
 *(.fini8)
 *(.fini8)
 *(.fini7)
 *(.fini7)
 *(.fini6)
 *(.fini6)
 *(.fini5)
 *(.fini5)
 *(.fini4)
 *(.fini4)
 *(.fini3)
 *(.fini3)
 *(.fini2)
 *(.fini2)
 *(.fini1)
 *(.fini1)
 *(.fini0)
 .fini0         0x00000a54        0x4 c:/winavr-20100110/bin/../lib/gcc/avr/4.3.3/avr5\libgcc.a(_exit.o)
 *(.fini0)
                0x00000a58                _etext = .

.data           0x00800060       0x32 load address 0x00000a58
                0x00800060                PROVIDE (__data_start, .)
 *(.data)
 .data          0x00800060        0x0 c:/winavr-20100110/bin/../lib/gcc/avr/4.3.3/../../../../avr/lib/avr5/crtm32.o
 .data          0x00800060        0x0 ./ADC.o
 .data          0x00800060        0x0 ./Buzzer.o
 .data          0x00800060        0x0 ./DCMotor.o
 .data          0x00800060        0x0 ./DIO.o
 .data          0x00800060        0x0 ./LCD.o
 .data          0x00800060        0x0 ./LED.o
 .data          0x00800060        0x0 ./PWM0.o
 .data          0x00800060        0x0 ./Temp_Sensor.o
 .data          0x00800060        0x0 ./UART.o
 .data          0x00800060        0x0 ./bluetooth.o
 .data          0x00800060        0x0 ./main.o
 .data          0x00800060        0x0 c:/winavr-20100110/bin/../lib/gcc/avr/4.3.3/avr5\libgcc.a(_udivmodqi4.o)
 .data          0x00800060        0x0 c:/winavr-20100110/bin/../lib/gcc/avr/4.3.3/avr5\libgcc.a(_divmodhi4.o)
 .data          0x00800060        0x0 c:/winavr-20100110/bin/../lib/gcc/avr/4.3.3/avr5\libgcc.a(_divmodsi4.o)
 .data          0x00800060        0x0 c:/winavr-20100110/bin/../lib/gcc/avr/4.3.3/avr5\libgcc.a(_exit.o)
 .data          0x00800060        0x0 c:/winavr-20100110/bin/../lib/gcc/avr/4.3.3/avr5\libgcc.a(_copy_data.o)
 .data          0x00800060        0x0 c:/winavr-20100110/bin/../lib/gcc/avr/4.3.3/avr5\libgcc.a(_udivmodhi4.o)
 .data          0x00800060        0x0 c:/winavr-20100110/bin/../lib/gcc/avr/4.3.3/avr5\libgcc.a(_udivmodsi4.o)
 *(.data*)
 .data.str.1277
                0x00800060       0x32 ./UART.o
 *(.rodata)
 *(.rodata*)
 *(.gnu.linkonce.d*)
                0x00800092                . = ALIGN (0x2)
                0x00800092                _edata = .
                0x00800092                PROVIDE (__data_end, .)

.bss            0x00800092        0x0
                0x00800092                PROVIDE (__bss_start, .)
 *(.bss)
 .bss           0x00800092        0x0 c:/winavr-20100110/bin/../lib/gcc/avr/4.3.3/../../../../avr/lib/avr5/crtm32.o
 .bss           0x00800092        0x0 ./ADC.o
 .bss           0x00800092        0x0 ./Buzzer.o
 .bss           0x00800092        0x0 ./DCMotor.o
 .bss           0x00800092        0x0 ./DIO.o
 .bss           0x00800092        0x0 ./LCD.o
 .bss           0x00800092        0x0 ./LED.o
 .bss           0x00800092        0x0 ./PWM0.o
 .bss           0x00800092        0x0 ./Temp_Sensor.o
 .bss           0x00800092        0x0 ./UART.o
 .bss           0x00800092        0x0 ./bluetooth.o
 .bss           0x00800092        0x0 ./main.o
 .bss           0x00800092        0x0 c:/winavr-20100110/bin/../lib/gcc/avr/4.3.3/avr5\libgcc.a(_udivmodqi4.o)
 .bss           0x00800092        0x0 c:/winavr-20100110/bin/../lib/gcc/avr/4.3.3/avr5\libgcc.a(_divmodhi4.o)
 .bss           0x00800092        0x0 c:/winavr-20100110/bin/../lib/gcc/avr/4.3.3/avr5\libgcc.a(_divmodsi4.o)
 .bss           0x00800092        0x0 c:/winavr-20100110/bin/../lib/gcc/avr/4.3.3/avr5\libgcc.a(_exit.o)
 .bss           0x00800092        0x0 c:/winavr-20100110/bin/../lib/gcc/avr/4.3.3/avr5\libgcc.a(_copy_data.o)
 .bss           0x00800092        0x0 c:/winavr-20100110/bin/../lib/gcc/avr/4.3.3/avr5\libgcc.a(_udivmodhi4.o)
 .bss           0x00800092        0x0 c:/winavr-20100110/bin/../lib/gcc/avr/4.3.3/avr5\libgcc.a(_udivmodsi4.o)
 *(.bss*)
 *(COMMON)
                0x00800092                PROVIDE (__bss_end, .)
                0x00000a58                __data_load_start = LOADADDR (.data)
                0x00000a8a                __data_load_end = (__data_load_start + SIZEOF (.data))

.noinit         0x00800092        0x0
                0x00800092                PROVIDE (__noinit_start, .)
 *(.noinit*)
                0x00800092                PROVIDE (__noinit_end, .)
                0x00800092                _end = .
                0x00800092                PROVIDE (__heap_start, .)

.eeprom         0x00810000        0x0
 *(.eeprom*)
                0x00810000                __eeprom_end = .

.fuse
 *(.fuse)
 *(.lfuse)
 *(.hfuse)
 *(.efuse)

.lock
 *(.lock*)

.signature
 *(.signature*)

.stab
 *(.stab)

.stabstr
 *(.stabstr)

.stab.excl
 *(.stab.excl)

.stab.exclstr
 *(.stab.exclstr)

.stab.index
 *(.stab.index)

.stab.indexstr
 *(.stab.indexstr)

.comment
 *(.comment)

.debug
 *(.debug)

.line
 *(.line)

.debug_srcinfo
 *(.debug_srcinfo)

.debug_sfnames
 *(.debug_sfnames)

.debug_aranges
 *(.debug_aranges)

.debug_pubnames
 *(.debug_pubnames)

.debug_info
 *(.debug_info)
 *(.gnu.linkonce.wi.*)

.debug_abbrev
 *(.debug_abbrev)

.debug_line
 *(.debug_line)

.debug_frame
 *(.debug_frame)

.debug_str
 *(.debug_str)

.debug_loc
 *(.debug_loc)

.debug_macinfo
 *(.debug_macinfo)
OUTPUT(Bluetooth_Module_Trial.elf elf32-avr)
LOAD linker stubs
